// Jest Snapshot v1, https://goo.gl/fbAQLP

exports[`Map correctly renders after relaunch 1`] = `
<div
  id="map"
  style={
    Object {
      "height": undefined,
      "width": "100%",
    }
  }
/>
`;
