// Jest Snapshot v1, https://goo.gl/fbAQLP

exports[`CityList correctly renders after relaunch 1`] = `
<li
  className="locations__item"
  onClick={[Function]}
>
  <a
    className="locations__item-link tabs__item tabs__item--active"
    href="#"
  >
    <span>
      minsk
    </span>
  </a>
</li>
`;
